// Jest Snapshot v1, https://goo.gl/fbAQLP

exports[`Testing user list component renders without errors 1`] = `<View />`;
